Error : please specify at least the name of the file to analyse