Dot-file court.dot generated
/page2.png (2 hits)
/page2.html (2 hits)
/page1.html (2 hits)
/page3.html (1 hits)
/page1.png (1 hits)