Dot-file anonyme.dot generated
/temps/4IF30.html (2 hits)
/temps/4IF16.html (1 hits)
/temps/4IF35.html (1 hits)