Warning : only hits between 12h and 13h have been taken into account
Dot-file court.dot generated
/page2.html (2 hits)
/page3.html (1 hits)
/image.jpg (1 hits)