Warning : only hits between 12h and 13h have been taken into account
Dot-file court.dot generated
/temps/3IF37.html (3 hits)
/temps/3IF38.html (2 hits)