Warning : only hits between 20h and 21h have been taken into account