Invalid Syntax, you must only specify options or name of the file