Dot-file court.dot generated
/page2.html (3 hits)
/page1.html (1 hits)
/page3.html (1 hits)