Essai de recopie de l'entrÃ©e standard non correct
