/page2.html (2 hits)
/page1.html (2 hits)
/page3.html (1 hits)