Dot-file anonyme.dot generated
/temps/4IF16.html (5 hits)
/temps/4IF17.html (1 hits)
/temps/4IF18.html (1 hits)
/temps/4IF19.html (1 hits)
/temps/4IF20.html (1 hits)