Invalid Dot File, -g option must have a file ending with a .dot extension