Warning : only hits between 12h and 13h have been taken into account
/page3.html (1 hits)
/page2.png (1 hits)
/page2.html (1 hits)