Dot-file anonyme.dot generated
/temps/4IF16.html (4 hits)